// Jest Snapshot v1, https://goo.gl/fbAQLP

exports[`matches snapshot 1`] = `
<DocumentFragment>
  <div>
    <h1>
      Boxes
    </h1>
    <form>
      <label
        for="width"
      >
        Width
      </label>
      <input
        id="width"
        name="width"
        placeholder="Width"
        type="number"
        value=""
      />
      <label
        for="height"
      >
        height
      </label>
      <input
        id="height"
        name="height"
        placeholder="height"
        type="number"
        value=""
      />
      <label
        for="backgroundColor"
      >
        Background Color
      </label>
      <input
        id="backgroundColor"
        name="backgroundColor"
        placeholder="Background Color"
        type="text"
        value=""
      />
      <button
        type="submit"
      >
        Submit
      </button>
    </form>
  </div>
</DocumentFragment>
`;
